[OPEN] Tue Aug 15 09:17:21 2017
[VERSION] ROC4sens Tester V0.2 (24.7.2017)
[DTB]
Board id:    102
HW version:  DTB1.2
FW version:  0.7
SW version:  0.7
Options:     
USB id:      DTB_WV7RVG
MAC address: 40D855118066
Hostname:    pixelDTB102
Comment:     with CMOS buffer
[CLOSE] Tue Aug 15 09:32:36 2017
